// Jest Snapshot v1, https://goo.gl/fbAQLP

exports[`Component: CalculatorForm should render component correctly 1`] = `
.c2 {
  display: -webkit-box;
  display: -webkit-flex;
  display: -ms-flexbox;
  display: flex;
  -webkit-box-flex: 1;
  -webkit-flex-grow: 1;
  -ms-flex-positive: 1;
  flex-grow: 1;
  margin-bottom: 22px;
}

.c2:last-child {
  margin-bottom: 0;
}

.c3 {
  display: -webkit-box;
  display: -webkit-flex;
  display: -ms-flexbox;
  display: flex;
  -webkit-flex-direction: column;
  -ms-flex-direction: column;
  flex-direction: column;
  -webkit-box-flex: 1;
  -webkit-flex-grow: 1;
  -ms-flex-positive: 1;
  flex-grow: 1;
}

.c4 {
  color: #656565;
  display: -webkit-box;
  display: -webkit-flex;
  display: -ms-flexbox;
  display: flex;
  -webkit-flex-direction: column;
  -ms-flex-direction: column;
  flex-direction: column;
  font-size: 14px;
  line-height: 18px;
  margin-bottom: 6px;
}

.c7 {
  color: #cecece;
  font-size: 11px;
  line-height: 14px;
  font-weight: bold;
  margin-top: 4px;
}

.c5 {
  position: relative;
}

.c6 {
  color: #656565;
  background: #fff;
  border: 1px solid #d1dce3;
  border-radius: 4px;
  box-sizing: border-box;
  font-size: 14px;
  line-height: 18px;
  padding: 9px 28px 9px 12px;
  width: 100%;
  outline: none;
}

.c6:hover {
  border: 1px solid #b1c4d0;
}

.c6:focus {
  border: 1px solid #66afe9;
}

.c0 {
  width: 375px;
  padding: 41px 70px 44px 56px;
  border-radius: 4px 0 0 4px;
  background: #fff;
}

.c1 {
  margin-bottom: 22px;
  font-size: 24px;
  white-space: nowrap;
  color: #656565;
}

@media (max-width:768px) {
  .c0 {
    width: 100%;
    height: 100%;
    display: -webkit-box;
    display: -webkit-flex;
    display: -ms-flexbox;
    display: flex;
    -webkit-align-items: center;
    -webkit-box-align: center;
    -ms-flex-align: center;
    align-items: center;
    -webkit-box-pack: center;
    -webkit-justify-content: center;
    -ms-flex-pack: center;
    justify-content: center;
    -webkit-flex-direction: column;
    -ms-flex-direction: column;
    flex-direction: column;
    padding: 25px;
  }

  .c0 form {
    width: 100%;
  }
}

<body>
  <div>
    <section
      class="c0"
    >
      <h2
        class="c1"
      >
        Simule sua Antecipação
      </h2>
      <form>
        <div
          class="c2"
        >
          <label
            class="c3"
            for="ammount"
          >
            <span
              class="c4"
            >
              Informe o valor da venda *
            </span>
            <div
              class="c5"
            >
              <input
                aria-invalid="false"
                aria-label="Informe o valor da venda *"
                aria-required="true"
                class="c6"
                id="ammount"
                name="ammount"
                type="text"
              />
            </div>
            
          </label>
        </div>
        <div
          class="c2"
        >
          <label
            class="c3"
            for="installments"
          >
            <span
              class="c4"
            >
              Em quantas parcelas *
            </span>
            <div
              class="c5"
            >
              <input
                aria-invalid="false"
                aria-label="Em quantas parcelas *"
                aria-required="true"
                class="c6"
                id="installments"
                name="installments"
                type="text"
              />
            </div>
            <small
              class="c7"
            >
              Máximo de 12 parcelas
            </small>
          </label>
        </div>
        <div
          class="c2"
        >
          <label
            class="c3"
            for="mdr"
          >
            <span
              class="c4"
            >
              Informe o percentual de MDR *
            </span>
            <div
              class="c5"
            >
              <input
                aria-invalid="false"
                aria-label="Informe o percentual de MDR *"
                aria-required="true"
                class="c6"
                id="mdr"
                name="mdr"
                type="text"
              />
            </div>
            
          </label>
        </div>
      </form>
    </section>
  </div>
</body>
`;
