// Jest Snapshot v1, https://goo.gl/fbAQLP

exports[`Component: Loader should render component correctly 1`] = `
.c1 {
  border: 0;
  height: 1px;
  margin: -1px;
  overflow: hidden;
  padding: 0;
  position: absolute;
  width: 1px;
  word-wrap: normal !important;
}

.c0 {
  display: -webkit-box;
  display: -webkit-flex;
  display: -ms-flexbox;
  display: flex;
  -webkit-align-items: center;
  -webkit-box-align: center;
  -ms-flex-align: center;
  align-items: center;
  -webkit-box-pack: center;
  -webkit-justify-content: center;
  -ms-flex-pack: center;
  justify-content: center;
  -webkit-flex-direction: column;
  -ms-flex-direction: column;
  flex-direction: column;
  width: 100%;
  height: 100%;
  position: absolute;
  top: 0;
  left: 0;
}

.c0:before {
  content: "";
  display: block;
  width: 100%;
  height: 100%;
  background: rgb(246 247 251 / 20%);
  border-radius: 4px;
  position: absolute;
  z-index: 1;
  -webkit-order: 1;
  -ms-flex-order: 1;
  order: 1;
}

.c0:after {
  content: "";
  display: block;
  width: 50px;
  height: 50px;
  margin: 16px;
  border-radius: 50%;
  border: 4px solid #5d9cec;
  border-color: #5d9cec transparent #5d9cec transparent;
  -webkit-animation: loaderAnimation 1s linear infinite;
  animation: loaderAnimation 1s linear infinite;
  position: relative;
  z-index: 2;
}

<body>
  <div>
    <div
      class="c0"
      role="status"
    >
      <div
        class="c1"
      >
        Carregando...
      </div>
      
    </div>
  </div>
</body>
`;
