// Jest Snapshot v1, https://goo.gl/fbAQLP

exports[`Component: CalculatorDetailsWrapper should render component correctly 1`] = `
.c3 {
  display: -webkit-box;
  display: -webkit-flex;
  display: -ms-flexbox;
  display: flex;
  -webkit-flex-direction: column;
  -ms-flex-direction: column;
  flex-direction: column;
  padding: 0;
}

.c4 {
  color: #5d9cec;
  display: -webkit-box;
  display: -webkit-flex;
  display: -ms-flexbox;
  display: flex;
  line-height: 46px;
}

.c4 > * {
  white-space: nowrap;
}

.c4 h3 {
  font-weight: normal;
  font-size: 1rem;
  margin: 0;
}

.c4 strong {
  margin-left: 3px;
}

.c0 {
  display: -webkit-box;
  display: -webkit-flex;
  display: -ms-flexbox;
  display: flex;
  overflow: auto;
  width: 100%;
}

.c1 {
  background: #f7f9fa;
  padding: 40px;
  width: 100%;
  display: -webkit-box;
  display: -webkit-flex;
  display: -ms-flexbox;
  display: flex;
  -webkit-flex-direction: column;
  -ms-flex-direction: column;
  flex-direction: column;
  -webkit-box-pack: center;
  -webkit-justify-content: center;
  -ms-flex-pack: center;
  justify-content: center;
  font-style: italic;
  border-radius: 0 4px 4px 0;
}

.c2 {
  text-transform: uppercase;
  border-bottom: 1px solid #dfecf8;
  color: #3d75bb;
  font-size: 16px;
  font-weight: bold;
  padding-bottom: 4px;
  display: block;
  margin-bottom: 15px;
}

@media (max-width:768px) {
  .c0 {
    width: auto;
  }
}

@media (max-width:768px) {
  .c1 {
    width: 100%;
    height: auto;
    position: absolute;
    bottom: -100%;
    left: 0;
    visibility: hidden;
    z-index: 2;
    -webkit-transition: all 0.2s;
    transition: all 0.2s;
    border-radius: 0;
  }
}

@media (max-width:768px) {
  .c5 {
    width: 100%;
    height: 100%;
    background: #00000099;
    position: fixed;
    top: 0;
    left: 0;
    visibility: hidden;
    opacity: 0;
  }
}

<body>
  <div>
    <article
      class="c0"
    >
      <div
        class="c1"
      >
        <h2
          class="c2"
        >
          Você Receberá:
        </h2>
        <ul
          class="c3"
        >
          <li
            class="c4"
          >
            <h3>
              Amanhã
              :
            </h3>
            <strong>
              R$ 0,00
            </strong>
          </li>
          <li
            class="c4"
          >
            <h3>
              Em 15 dias
              :
            </h3>
            <strong>
              R$ 0,00
            </strong>
          </li>
          <li
            class="c4"
          >
            <h3>
              Em 30 dias
              :
            </h3>
            <strong>
              R$ 0,00
            </strong>
          </li>
          <li
            class="c4"
          >
            <h3>
              Em 90 dias
              :
            </h3>
            <strong>
              R$ 0,00
            </strong>
          </li>
        </ul>
      </div>
      <div
        aria-hidden="true"
        class="c5"
        data-testid="overlay-mobile"
      />
    </article>
  </div>
</body>
`;
